
Optional file libmchp_peripheral.a not found

Optional file libmchp_peripheral_32MX250F128B.a not found
Archive member included because of file (symbol)

d:/program files (x86)/microchip/xc32/v1.42/bin/bin/../../lib/gcc/pic32mx/4.8.3\libgcc.a(floatunsisf.o)
                              build/default/production/_ext/639803181/sys_clk_pic32mx.o (__floatunsisf)
d:/program files (x86)/microchip/xc32/v1.42/bin/bin/../../lib/gcc/pic32mx/4.8.3/../../../../pic32mx/lib\libpic32.a(default-bootstrap-exception-handler.o)
                              d:/program files (x86)/microchip/xc32/v1.42/bin/bin/../../lib/gcc/pic32mx/4.8.3/../../../../pic32mx/lib/./proc/32MX250F128B/crt0_mips32r2.o (_bootstrap_exception_handler)
d:/program files (x86)/microchip/xc32/v1.42/bin/bin/../../lib/gcc/pic32mx/4.8.3/../../../../pic32mx/lib\libpic32.a(default-on-reset.o)
                              d:/program files (x86)/microchip/xc32/v1.42/bin/bin/../../lib/gcc/pic32mx/4.8.3/../../../../pic32mx/lib/./proc/32MX250F128B/crt0_mips32r2.o (_on_reset)
d:/program files (x86)/microchip/xc32/v1.42/bin/bin/../../lib/gcc/pic32mx/4.8.3/../../../../pic32mx/lib\libpic32.a(default-on-bootstrap.o)
                              d:/program files (x86)/microchip/xc32/v1.42/bin/bin/../../lib/gcc/pic32mx/4.8.3/../../../../pic32mx/lib/./proc/32MX250F128B/crt0_mips32r2.o (_on_bootstrap)
d:/program files (x86)/microchip/xc32/v1.42/bin/bin/../../lib/gcc/pic32mx/4.8.3/../../../../pic32mx/lib\libpic32.a(default-nmi-handler.o)
                              d:/program files (x86)/microchip/xc32/v1.42/bin/bin/../../lib/gcc/pic32mx/4.8.3/../../../../pic32mx/lib/./proc/32MX250F128B/crt0_mips32r2.o (_nmi_handler)
d:/program files (x86)/microchip/xc32/v1.42/bin/bin/../../lib/gcc/pic32mx/4.8.3/../../../../pic32mx/lib\libpic32.a(general-exception.o)
                              d:/program files (x86)/microchip/xc32/v1.42/bin/bin/../../lib/gcc/pic32mx/4.8.3/../../../../pic32mx/lib/./proc/32MX250F128B/crt0_mips32r2.o (_general_exception_context)
d:/program files (x86)/microchip/xc32/v1.42/bin/bin/../../lib/gcc/pic32mx/4.8.3/../../../../pic32mx/lib\libpic32.a(vector0.o)
                              d:/program files (x86)/microchip/xc32/v1.42/bin/bin/../../lib/gcc/pic32mx/4.8.3/../../../../pic32mx/lib/./proc/32MX250F128B\default_isr_vectors.o (__vector_dispatch_0)
d:/program files (x86)/microchip/xc32/v1.42/bin/bin/../../lib/gcc/pic32mx/4.8.3/../../../../pic32mx/lib\libpic32.a(vector1.o)
                              d:/program files (x86)/microchip/xc32/v1.42/bin/bin/../../lib/gcc/pic32mx/4.8.3/../../../../pic32mx/lib/./proc/32MX250F128B\default_isr_vectors.o (__vector_dispatch_1)
d:/program files (x86)/microchip/xc32/v1.42/bin/bin/../../lib/gcc/pic32mx/4.8.3/../../../../pic32mx/lib\libpic32.a(vector2.o)
                              d:/program files (x86)/microchip/xc32/v1.42/bin/bin/../../lib/gcc/pic32mx/4.8.3/../../../../pic32mx/lib/./proc/32MX250F128B\default_isr_vectors.o (__vector_dispatch_2)
d:/program files (x86)/microchip/xc32/v1.42/bin/bin/../../lib/gcc/pic32mx/4.8.3/../../../../pic32mx/lib\libpic32.a(vector3.o)
                              d:/program files (x86)/microchip/xc32/v1.42/bin/bin/../../lib/gcc/pic32mx/4.8.3/../../../../pic32mx/lib/./proc/32MX250F128B\default_isr_vectors.o (__vector_dispatch_3)
d:/program files (x86)/microchip/xc32/v1.42/bin/bin/../../lib/gcc/pic32mx/4.8.3/../../../../pic32mx/lib\libpic32.a(vector4.o)
                              d:/program files (x86)/microchip/xc32/v1.42/bin/bin/../../lib/gcc/pic32mx/4.8.3/../../../../pic32mx/lib/./proc/32MX250F128B\default_isr_vectors.o (__vector_dispatch_4)
d:/program files (x86)/microchip/xc32/v1.42/bin/bin/../../lib/gcc/pic32mx/4.8.3/../../../../pic32mx/lib\libpic32.a(vector5.o)
                              d:/program files (x86)/microchip/xc32/v1.42/bin/bin/../../lib/gcc/pic32mx/4.8.3/../../../../pic32mx/lib/./proc/32MX250F128B\default_isr_vectors.o (__vector_dispatch_5)
d:/program files (x86)/microchip/xc32/v1.42/bin/bin/../../lib/gcc/pic32mx/4.8.3/../../../../pic32mx/lib\libpic32.a(vector6.o)
                              d:/program files (x86)/microchip/xc32/v1.42/bin/bin/../../lib/gcc/pic32mx/4.8.3/../../../../pic32mx/lib/./proc/32MX250F128B\default_isr_vectors.o (__vector_dispatch_6)
d:/program files (x86)/microchip/xc32/v1.42/bin/bin/../../lib/gcc/pic32mx/4.8.3/../../../../pic32mx/lib\libpic32.a(vector7.o)
                              d:/program files (x86)/microchip/xc32/v1.42/bin/bin/../../lib/gcc/pic32mx/4.8.3/../../../../pic32mx/lib/./proc/32MX250F128B\default_isr_vectors.o (__vector_dispatch_7)
d:/program files (x86)/microchip/xc32/v1.42/bin/bin/../../lib/gcc/pic32mx/4.8.3/../../../../pic32mx/lib\libpic32.a(vector8.o)
                              d:/program files (x86)/microchip/xc32/v1.42/bin/bin/../../lib/gcc/pic32mx/4.8.3/../../../../pic32mx/lib/./proc/32MX250F128B\default_isr_vectors.o (__vector_dispatch_8)
[...]
Memory Configuration

Name             Origin             Length             Attributes
kseg0_program_mem 0x9d000000         0x0001f000         xr
exception_mem    0x9d01f000         0x00001000
debug_exec_mem   0x9fc00490         0x00000760
kseg0_boot_mem   0x9fc00490         0x00000000
kseg1_boot_mem   0xbfc00000         0x00000490
config3          0xbfc00bf0         0x00000004
config2          0xbfc00bf4         0x00000004
config1          0xbfc00bf8         0x00000004
config0          0xbfc00bfc         0x00000004
kseg1_data_mem   0xa0000000         0x00008000         w !x
sfrs             0xbf800000         0x00100000
configsfrs       0xbfc00bf0         0x00000010
*default*        0x00000000         0xffffffff

Linker script and memory map

LOAD d:/program files (x86)/microchip/xc32/v1.42/bin/bin/../../lib/gcc/pic32mx/4.8.3/../../../../pic32mx/lib/./proc/32MX250F128B/crt0_mips32r2.o
LOAD d:/program files (x86)/microchip/xc32/v1.42/bin/bin/../../lib/gcc/pic32mx/4.8.3/../../../../pic32mx/lib\debug-exception-return.o
LOAD build/default/production/_ext/1360937237/app.o
LOAD build/default/production/_ext/1360937237/main.o
LOAD build/default/production/_ext/122796885/sys_int_pic32.o
LOAD build/default/production/_ext/12144542/drv_i2c_static_buffer_model.o
LOAD build/default/production/_ext/12144542/drv_i2c_mapping.o
LOAD build/default/production/_ext/1407244131/drv_tmr_static.o
LOAD build/default/production/_ext/1407244131/drv_tmr_mapping.o
LOAD build/default/production/_ext/639803181/sys_clk.o
LOAD build/default/production/_ext/639803181/sys_clk_pic32mx.o
LOAD build/default/production/_ext/340578644/sys_devcon.o
LOAD build/default/production/_ext/340578644/sys_devcon_pic32mx.o
LOAD build/default/production/_ext/822048611/sys_ports_static.o
LOAD build/default/production/_ext/1688732426/system_init.o
LOAD build/default/production/_ext/1688732426/system_interrupt.o
LOAD build/default/production/_ext/1688732426/system_exceptions.o
LOAD build/default/production/_ext/1688732426/system_tasks.o
LOAD ..\..\..\..\bin\framework\peripheral\PIC32MX250F128B_peripherals.a
                0x00000001                __MPLAB_BUILD = 0x1
                0x00000000                _min_heap_size = 0x0
LOAD d:/program files (x86)/microchip/xc32/v1.42/bin/bin/../../lib/gcc/pic32mx/4.8.3/../../../../pic32mx/lib/./proc/32MX250F128B\default_isr_vectors.o
LOAD d:/program files (x86)/microchip/xc32/v1.42/bin/bin/../../lib/gcc/pic32mx/4.8.3/../../../../pic32mx/lib\pic32_software_reset.o
                0x00000400                PROVIDE (_min_stack_size, 0x400)
LOAD d:/program files (x86)/microchip/xc32/v1.42/bin/bin/../../lib/gcc/pic32mx/4.8.3/../../../../pic32mx/lib/./proc/32MX250F128B\processor.o
START GROUP
LOAD libmchp_peripheral.a
END GROUP
START GROUP
LOAD libmchp_peripheral_32MX250F128B.a
END GROUP
                0x00000001                PROVIDE (_vector_spacing, 0x1)
                0x9d01f000                PROVIDE (_ebase_address, 0x9d01f000)
                0xbfc00000                _RESET_ADDR = 0xbfc00000
                0xbfc00380                _BEV_EXCPT_ADDR = 0xbfc00380
                0xbfc00480                _DBG_EXCPT_ADDR = 0xbfc00480
                0x9fc00490                _DBG_CODE_ADDR = 0x9fc00490
                0x00000760                _DBG_CODE_SIZE = 0x760
                0x9d01f180                _GEN_EXCPT_ADDR = (_ebase_address + 0x180)

.config_BFC00BF0
                0xbfc00bf0        0x4
 *(.config_BFC00BF0)
 .config_BFC00BF0
                0xbfc00bf0        0x4 build/default/production/_ext/1688732426/system_init.o

.config_BFC00BF4
                0xbfc00bf4        0x4
 *(.config_BFC00BF4)
 .config_BFC00BF4
                0xbfc00bf4        0x4 build/default/production/_ext/1688732426/system_init.o

.config_BFC00BF8
                0xbfc00bf8        0x4
 *(.config_BFC00BF8)
 .config_BFC00BF8
                0xbfc00bf8        0x4 build/default/production/_ext/1688732426/system_init.o

.config_BFC00BFC
                0xbfc00bfc        0x4
 *(.config_BFC00BFC)
 .config_BFC00BFC
                0xbfc00bfc        0x4 build/default/production/_ext/1688732426/system_init.o
                0xbfc02000                PROVIDE (_DBG_CODE_ADDR, 0xbfc02000)
                0x00000ff0                PROVIDE (_DBG_CODE_SIZE, 0xff0)

.reset          0xbfc00000      0x1e4
 *(.reset)
 .reset         0xbfc00000        0x8 d:/program files (x86)/microchip/xc32/v1.42/bin/bin/../../lib/gcc/pic32mx/4.8.3/../../../../pic32mx/lib/./proc/32MX250F128B/crt0_mips32r2.o
                0xbfc00000                _reset
 *(.reset.startup)
 .reset.startup
                0xbfc00008      0x1dc d:/program files (x86)/microchip/xc32/v1.42/bin/bin/../../lib/gcc/pic32mx/4.8.3/../../../../pic32mx/lib/./proc/32MX250F128B/crt0_mips32r2.o

.bev_excpt      0xbfc00380       0x10
 *(.bev_handler)
 .bev_handler   0xbfc00380       0x10 d:/program files (x86)/microchip/xc32/v1.42/bin/bin/../../lib/gcc/pic32mx/4.8.3/../../../../pic32mx/lib/./proc/32MX250F128B/crt0_mips32r2.o

.dbg_excpt      0xbfc00480        0x0
                0xbfc00480                . = (. + DEFINED (_DEBUGGER)?0x8:0x0)

.dbg_code       0x9fc00490        0x0
                0x9fc00490                . = (. + DEFINED (_DEBUGGER)?_DBG_CODE_SIZE:0x0)

.app_excpt      0x9d01f180       0x10
 *(.gen_handler)
 .gen_handler   0x9d01f180       0x10 d:/program files (x86)/microchip/xc32/v1.42/bin/bin/../../lib/gcc/pic32mx/4.8.3/../../../../pic32mx/lib/./proc/32MX250F128B/crt0_mips32r2.o

.vector_0       0x9d01f200        0x8
 *(.vector_0)
 .vector_0      0x9d01f200        0x8 d:/program files (x86)/microchip/xc32/v1.42/bin/bin/../../lib/gcc/pic32mx/4.8.3/../../../../pic32mx/lib\libpic32.a(vector0.o)
                0x9d01f200                __vector_dispatch_0
                0x00000001                ASSERT (((_vector_spacing == 0x0) || (SIZEOF (.vector_0) <= (_vector_spacing << 0x5))), function at exception vector 0 too large)

.vector_1       0x9d01f220        0x8
 *(.vector_1)
 .vector_1      0x9d01f220        0x8 d:/program files (x86)/microchip/xc32/v1.42/bin/bin/../../lib/gcc/pic32mx/4.8.3/../../../../pic32mx/lib\libpic32.a(vector1.o)
                0x9d01f220                __vector_dispatch_1
                0x00000001                ASSERT (((_vector_spacing == 0x0) || (SIZEOF (.vector_1) <= (_vector_spacing << 0x5))), function at exception vector 1 too large)

.vector_2       0x9d01f240        0x8
 *(.vector_2)
 .vector_2      0x9d01f240        0x8 d:/program files (x86)/microchip/xc32/v1.42/bin/bin/../../lib/gcc/pic32mx/4.8.3/../../../../pic32mx/lib\libpic32.a(vector2.o)
                0x9d01f240                __vector_dispatch_2
                0x00000001                ASSERT (((_vector_spacing == 0x0) || (SIZEOF (.vector_2) <= (_vector_spacing << 0x5))), function at exception vector 2 too large)

.vector_3       0x9d01f260        0x8
 *(.vector_3)
 .vector_3      0x9d01f260        0x8 d:/program files (x86)/microchip/xc32/v1.42/bin/bin/../../lib/gcc/pic32mx/4.8.3/../../../../pic32mx/lib\libpic32.a(vector3.o)
                0x9d01f260                __vector_dispatch_3
                0x00000001                ASSERT (((_vector_spacing == 0x0) || (SIZEOF (.vector_3) <= (_vector_spacing << 0x5))), function at exception vector 3 too large)

.vector_4       0x9d01f280        0x8
 *(.vector_4)
 .vector_4      0x9d01f280        0x8 d:/program files (x86)/microchip/xc32/v1.42/bin/bin/../../lib/gcc/pic32mx/4.8.3/../../../../pic32mx/lib\libpic32.a(vector4.o)
                0x9d01f280                __vector_dispatch_4
                0x00000001                ASSERT (((_vector_spacing == 0x0) || (SIZEOF (.vector_4) <= (_vector_spacing << 0x5))), function at exception vector 4 too large)

.vector_5       0x9d01f2a0        0x8
 *(.vector_5)
 .vector_5      0x9d01f2a0        0x8 d:/program files (x86)/microchip/xc32/v1.42/bin/bin/../../lib/gcc/pic32mx/4.8.3/../../../../pic32mx/lib\libpic32.a(vector5.o)
                0x9d01f2a0                __vector_dispatch_5
                0x00000001                ASSERT (((_vector_spacing == 0x0) || (SIZEOF (.vector_5) <= (_vector_spacing << 0x5))), function at exception vector 5 too large)

.vector_6       0x9d01f2c0        0x8
 *(.vector_6)
 .vector_6      0x9d01f2c0        0x8 d:/program files (x86)/microchip/xc32/v1.42/bin/bin/../../lib/gcc/pic32mx/4.8.3/../../../../pic32mx/lib\libpic32.a(vector6.o)
                0x9d01f2c0                __vector_dispatch_6
                0x00000001                ASSERT (((_vector_spacing == 0x0) || (SIZEOF (.vector_6) <= (_vector_spacing << 0x5))), function at exception vector 6 too large)

.vector_7       0x9d01f2e0        0x8
 *(.vector_7)
 .vector_7      0x9d01f2e0        0x8 d:/program files (x86)/microchip/xc32/v1.42/bin/bin/../../lib/gcc/pic32mx/4.8.3/../../../../pic32mx/lib\libpic32.a(vector7.o)
                0x9d01f2e0                __vector_dispatch_7
                0x00000001                ASSERT (((_vector_spacing == 0x0) || (SIZEOF (.vector_7) <= (_vector_spacing << 0x5))), function at exception vector 7 too large)

.vector_8       0x9d01f300        0x8
 *(.vector_8)
 .vector_8      0x9d01f300        0x8 d:/program files (x86)/microchip/xc32/v1.42/bin/bin/../../lib/gcc/pic32mx/4.8.3/../../../../pic32mx/lib\libpic32.a(vector8.o)
                0x9d01f300                __vector_dispatch_8
                0x00000001                ASSERT (((_vector_spacing == 0x0) || (SIZEOF (.vector_8) <= (_vector_spacing << 0x5))), function at exception vector 8 too large)

.vector_9       0x9d01f320        0x8
 *(.vector_9)
 .vector_9      0x9d01f320        0x8 d:/program files (x86)/microchip/xc32/v1.42/bin/bin/../../lib/gcc/pic32mx/4.8.3/../../../../pic32mx/lib\libpic32.a(vector9.o)
                0x9d01f320                __vector_dispatch_9
                0x00000001                ASSERT (((_vector_spacing == 0x0) || (SIZEOF (.vector_9) <= (_vector_spacing << 0x5))), function at exception vector 9 too large)

.vector_10      0x9d01f340        0x8
 *(.vector_10)
 .vector_10     0x9d01f340        0x8 d:/program files (x86)/microchip/xc32/v1.42/bin/bin/../../lib/gcc/pic32mx/4.8.3/../../../../pic32mx/lib\libpic32.a(vector10.o)
                0x9d01f340                __vector_dispatch_10
                0x00000001                ASSERT (((_vector_spacing == 0x0) || (SIZEOF (.vector_10) <= (_vector_spacing << 0x5))), function at exception vector 10 too large)

.vector_11      0x9d01f360        0x8
 *(.vector_11)
 .vector_11     0x9d01f360        0x8 d:/program files (x86)/microchip/xc32/v1.42/bin/bin/../../lib/gcc/pic32mx/4.8.3/../../../../pic32mx/lib\libpic32.a(vector11.o)
                0x9d01f360                __vector_dispatch_11
                0x00000001                ASSERT (((_vector_spacing == 0x0) || (SIZEOF (.vector_11) <= (_vector_spacing << 0x5))), function at exception vector 11 too large)

.vector_12      0x9d01f380        0x8
 *(.vector_12)
 .vector_12     0x9d01f380        0x8 build/default/production/_ext/1688732426/system_interrupt.o
                0x9d01f380                __vector_dispatch_12
                0x00000001                ASSERT (((_vector_spacing == 0x0) || (SIZEOF (.vector_12) <= (_vector_spacing << 0x5))), function at exception vector 12 too large)

.vector_13      0x9d01f3a0        0x8
 *(.vector_13)
 .vector_13     0x9d01f3a0        0x8 d:/program files (x86)/microchip/xc32/v1.42/bin/bin/../../lib/gcc/pic32mx/4.8.3/../../../../pic32mx/lib\libpic32.a(vector13.o)
                0x9d01f3a0                __vector_dispatch_13
                0x00000001                ASSERT (((_vector_spacing == 0x0) || (SIZEOF (.vector_13) <= (_vector_spacing << 0x5))), function at exception vector 13 too large)

.vector_14      0x9d01f3c0        0x8
 *(.vector_14)
 .vector_14     0x9d01f3c0        0x8 d:/program files (x86)/microchip/xc32/v1.42/bin/bin/../../lib/gcc/pic32mx/4.8.3/../../../../pic32mx/lib\libpic32.a(vector14.o)
                0x9d01f3c0                __vector_dispatch_14
                0x00000001                ASSERT (((_vector_spacing == 0x0) || (SIZEOF (.vector_14) <= (_vector_spacing << 0x5))), function at exception vector 14 too large)

.vector_15      0x9d01f3e0        0x8
 *(.vector_15)
 .vector_15     0x9d01f3e0        0x8 d:/program files (x86)/microchip/xc32/v1.42/bin/bin/../../lib/gcc/pic32mx/4.8.3/../../../../pic32mx/lib\libpic32.a(vector15.o)
                0x9d01f3e0                __vector_dispatch_15
                0x00000001                ASSERT (((_vector_spacing == 0x0) || (SIZEOF (.vector_15) <= (_vector_spacing << 0x5))), function at exception vector 15 too large)

.vector_16      0x9d01f400        0x8
 *(.vector_16)
 .vector_16     0x9d01f400        0x8 d:/program files (x86)/microchip/xc32/v1.42/bin/bin/../../lib/gcc/pic32mx/4.8.3/../../../../pic32mx/lib\libpic32.a(vector16.o)
                0x9d01f400                __vector_dispatch_16
                0x00000001                ASSERT (((_vector_spacing == 0x0) || (SIZEOF (.vector_16) <= (_vector_spacing << 0x5))), function at exception vector 16 too large)

.vector_17      0x9d01f420        0x8
 *(.vector_17)
 .vector_17     0x9d01f420        0x8 d:/program files (x86)/microchip/xc32/v1.42/bin/bin/../../lib/gcc/pic32mx/4.8.3/../../../../pic32mx/lib\libpic32.a(vector17.o)
                0x9d01f420                __vector_dispatch_17
                0x00000001                ASSERT (((_vector_spacing == 0x0) || (SIZEOF (.vector_17) <= (_vector_spacing << 0x5))), function at exception vector 17 too large)

.vector_18      0x9d01f440        0x8
 *(.vector_18)
 .vector_18     0x9d01f440        0x8 d:/program files (x86)/microchip/xc32/v1.42/bin/bin/../../lib/gcc/pic32mx/4.8.3/../../../../pic32mx/lib\libpic32.a(vector18.o)
                0x9d01f440                __vector_dispatch_18
                0x00000001                ASSERT (((_vector_spacing == 0x0) || (SIZEOF (.vector_18) <= (_vector_spacing << 0x5))), function at exception vector 18 too large)

.vector_19      0x9d01f460        0x8
 *(.vector_19)
 .vector_19     0x9d01f460        0x8 d:/program files (x86)/microchip/xc32/v1.42/bin/bin/../../lib/gcc/pic32mx/4.8.3/../../../../pic32mx/lib\libpic32.a(vector19.o)
                0x9d01f460                __vector_dispatch_19
                0x00000001                ASSERT (((_vector_spacing == 0x0) || (SIZEOF (.vector_19) <= (_vector_spacing << 0x5))), function at exception vector 19 too large)

.vector_20      0x9d01f480        0x8
 *(.vector_20)
 .vector_20     0x9d01f480        0x8 d:/program files (x86)/microchip/xc32/v1.42/bin/bin/../../lib/gcc/pic32mx/4.8.3/../../../../pic32mx/lib\libpic32.a(vector20.o)
                0x9d01f480                __vector_dispatch_20
                0x00000001                ASSERT (((_vector_spacing == 0x0) || (SIZEOF (.vector_20) <= (_vector_spacing << 0x5))), function at exception vector 20 too large)

.vector_21      0x9d01f4a0        0x8
 *(.vector_21)
 .vector_21     0x9d01f4a0        0x8 d:/program files (x86)/microchip/xc32/v1.42/bin/bin/../../lib/gcc/pic32mx/4.8.3/../../../../pic32mx/lib\libpic32.a(vector21.o)
                0x9d01f4a0                __vector_dispatch_21
                0x00000001                ASSERT (((_vector_spacing == 0x0) || (SIZEOF (.vector_21) <= (_vector_spacing << 0x5))), function at exception vector 21 too large)

.vector_22      0x9d01f4c0        0x8
 *(.vector_22)
 .vector_22     0x9d01f4c0        0x8 d:/program files (x86)/microchip/xc32/v1.42/bin/bin/../../lib/gcc/pic32mx/4.8.3/../../../../pic32mx/lib\libpic32.a(vector22.o)
                0x9d01f4c0                __vector_dispatch_22
                0x00000001                ASSERT (((_vector_spacing == 0x0) || (SIZEOF (.vector_22) <= (_vector_spacing << 0x5))), function at exception vector 22 too large)

.vector_23      0x9d01f4e0        0x8
 *(.vector_23)
 .vector_23     0x9d01f4e0        0x8 d:/program files (x86)/microchip/xc32/v1.42/bin/bin/../../lib/gcc/pic32mx/4.8.3/../../../../pic32mx/lib\libpic32.a(vector23.o)
                0x9d01f4e0                __vector_dispatch_23
                0x00000001                ASSERT (((_vector_spacing == 0x0) || (SIZEOF (.vector_23) <= (_vector_spacing << 0x5))), function at exception vector 23 too large)

.vector_24      0x9d01f500        0x8
 *(.vector_24)
 .vector_24     0x9d01f500        0x8 d:/program files (x86)/microchip/xc32/v1.42/bin/bin/../../lib/gcc/pic32mx/4.8.3/../../../../pic32mx/lib\libpic32.a(vector24.o)
                0x9d01f500                __vector_dispatch_24
                0x00000001                ASSERT (((_vector_spacing == 0x0) || (SIZEOF (.vector_24) <= (_vector_spacing << 0x5))), function at exception vector 24 too large)

.vector_25      0x9d01f520        0x8
 *(.vector_25)
 .vector_25     0x9d01f520        0x8 d:/program files (x86)/microchip/xc32/v1.42/bin/bin/../../lib/gcc/pic32mx/4.8.3/../../../../pic32mx/lib\libpic32.a(vector25.o)
                0x9d01f520                __vector_dispatch_25
                0x00000001                ASSERT (((_vector_spacing == 0x0) || (SIZEOF (.vector_25) <= (_vector_spacing << 0x5))), function at exception vector 25 too large)

.vector_26      0x9d01f540        0x8
 *(.vector_26)
 .vector_26     0x9d01f540        0x8 d:/program files (x86)/microchip/xc32/v1.42/bin/bin/../../lib/gcc/pic32mx/4.8.3/../../../../pic32mx/lib\libpic32.a(vector26.o)
                0x9d01f540                __vector_dispatch_26
                0x00000001                ASSERT (((_vector_spacing == 0x0) || (SIZEOF (.vector_26) <= (_vector_spacing << 0x5))), function at exception vector 26 too large)

.vector_27      0x9d01f560        0x8
 *(.vector_27)
 .vector_27     0x9d01f560        0x8 d:/program files (x86)/microchip/xc32/v1.42/bin/bin/../../lib/gcc/pic32mx/4.8.3/../../../../pic32mx/lib\libpic32.a(vector27.o)
                0x9d01f560                __vector_dispatch_27
                0x00000001                ASSERT (((_vector_spacing == 0x0) || (SIZEOF (.vector_27) <= (_vector_spacing << 0x5))), function at exception vector 27 too large)

.vector_28      0x9d01f580        0x8
 *(.vector_28)
 .vector_28     0x9d01f580        0x8 d:/program files (x86)/microchip/xc32/v1.42/bin/bin/../../lib/gcc/pic32mx/4.8.3/../../../../pic32mx/lib\libpic32.a(vector28.o)
                0x9d01f580                __vector_dispatch_28
                0x00000001                ASSERT (((_vector_spacing == 0x0) || (SIZEOF (.vector_28) <= (_vector_spacing << 0x5))), function at exception vector 28 too large)

.vector_29      0x9d01f5a0        0x8
 *(.vector_29)
 .vector_29     0x9d01f5a0        0x8 d:/program files (x86)/microchip/xc32/v1.42/bin/bin/../../lib/gcc/pic32mx/4.8.3/../../../../pic32mx/lib\libpic32.a(vector29.o)
                0x9d01f5a0                __vector_dispatch_29
                0x00000001                ASSERT (((_vector_spacing == 0x0) || (SIZEOF (.vector_29) <= (_vector_spacing << 0x5))), function at exception vector 29 too large)

.vector_30      0x9d01f5c0        0x8
 *(.vector_30)
 .vector_30     0x9d01f5c0        0x8 d:/program files (x86)/microchip/xc32/v1.42/bin/bin/../../lib/gcc/pic32mx/4.8.3/../../../../pic32mx/lib\libpic32.a(vector30.o)
                0x9d01f5c0                __vector_dispatch_30
                0x00000001                ASSERT (((_vector_spacing == 0x0) || (SIZEOF (.vector_30) <= (_vector_spacing << 0x5))), function at exception vector 30 too large)

.vector_31      0x9d01f5e0        0x8
 *(.vector_31)
 .vector_31     0x9d01f5e0        0x8 d:/program files (x86)/microchip/xc32/v1.42/bin/bin/../../lib/gcc/pic32mx/4.8.3/../../../../pic32mx/lib\libpic32.a(vector31.o)
                0x9d01f5e0                __vector_dispatch_31
                0x00000001                ASSERT (((_vector_spacing == 0x0) || (SIZEOF (.vector_31) <= (_vector_spacing << 0x5))), function at exception vector 31 too large)

.vector_32      0x9d01f600        0x8
 *(.vector_32)
 .vector_32     0x9d01f600        0x8 d:/program files (x86)/microchip/xc32/v1.42/bin/bin/../../lib/gcc/pic32mx/4.8.3/../../../../pic32mx/lib\libpic32.a(vector32.o)
                0x9d01f600                __vector_dispatch_32
                0x00000001                ASSERT (((_vector_spacing == 0x0) || (SIZEOF (.vector_32) <= (_vector_spacing << 0x5))), function at exception vector 32 too large)

.vector_33      0x9d01f620        0x8
 *(.vector_33)
 .vector_33     0x9d01f620        0x8 d:/program files (x86)/microchip/xc32/v1.42/bin/bin/../../lib/gcc/pic32mx/4.8.3/../../../../pic32mx/lib\libpic32.a(vector33.o)
                0x9d01f620                __vector_dispatch_33
                0x00000001                ASSERT (((_vector_spacing == 0x0) || (SIZEOF (.vector_33) <= (_vector_spacing << 0x5))), function at exception vector 33 too large)

.vector_34      0x9d01f640        0x8
 *(.vector_34)
 .vector_34     0x9d01f640        0x8 d:/program files (x86)/microchip/xc32/v1.42/bin/bin/../../lib/gcc/pic32mx/4.8.3/../../../../pic32mx/lib\libpic32.a(vector34.o)
                0x9d01f640                __vector_dispatch_34
                0x00000001                ASSERT (((_vector_spacing == 0x0) || (SIZEOF (.vector_34) <= (_vector_spacing << 0x5))), function at exception vector 34 too large)

.vector_35      0x9d01f660        0x8
 *(.vector_35)
 .vector_35     0x9d01f660        0x8 d:/program files (x86)/microchip/xc32/v1.42/bin/bin/../../lib/gcc/pic32mx/4.8.3/../../../../pic32mx/lib\libpic32.a(vector35.o)
                0x9d01f660                __vector_dispatch_35
                0x00000001                ASSERT (((_vector_spacing == 0x0) || (SIZEOF (.vector_35) <= (_vector_spacing << 0x5))), function at exception vector 35 too large)

.vector_36      0x9d01f680        0x8
 *(.vector_36)
 .vector_36     0x9d01f680        0x8 d:/program files (x86)/microchip/xc32/v1.42/bin/bin/../../lib/gcc/pic32mx/4.8.3/../../../../pic32mx/lib\libpic32.a(vector36.o)
                0x9d01f680                __vector_dispatch_36
                0x00000001                ASSERT (((_vector_spacing == 0x0) || (SIZEOF (.vector_36) <= (_vector_spacing << 0x5))), function at exception vector 36 too large)

.vector_37      0x9d01f6a0        0x8
 *(.vector_37)
 .vector_37     0x9d01f6a0        0x8 d:/program files (x86)/microchip/xc32/v1.42/bin/bin/../../lib/gcc/pic32mx/4.8.3/../../../../pic32mx/lib\libpic32.a(vector37.o)
                0x9d01f6a0                __vector_dispatch_37
                0x00000001                ASSERT (((_vector_spacing == 0x0) || (SIZEOF (.vector_37) <= (_vector_spacing << 0x5))), function at exception vector 37 too large)

.vector_38      0x9d01f6c0        0x8
 *(.vector_38)
 .vector_38     0x9d01f6c0        0x8 build/default/production/_ext/1688732426/system_interrupt.o
                0x9d01f6c0                __vector_dispatch_38
                0x00000001                ASSERT (((_vector_spacing == 0x0) || (SIZEOF (.vector_38) <= (_vector_spacing << 0x5))), function at exception vector 38 too large)

.vector_39      0x9d01f6e0        0x8
 *(.vector_39)
 .vector_39     0x9d01f6e0        0x8 d:/program files (x86)/microchip/xc32/v1.42/bin/bin/../../lib/gcc/pic32mx/4.8.3/../../../../pic32mx/lib\libpic32.a(vector39.o)
                0x9d01f6e0                __vector_dispatch_39
                0x00000001                ASSERT (((_vector_spacing == 0x0) || (SIZEOF (.vector_39) <= (_vector_spacing << 0x5))), function at exception vector 39 too large)

.vector_40      0x9d01f700        0x8
 *(.vector_40)
 .vector_40     0x9d01f700        0x8 d:/program files (x86)/microchip/xc32/v1.42/bin/bin/../../lib/gcc/pic32mx/4.8.3/../../../../pic32mx/lib\libpic32.a(vector40.o)
                0x9d01f700                __vector_dispatch_40
                0x00000001                ASSERT (((_vector_spacing == 0x0) || (SIZEOF (.vector_40) <= (_vector_spacing << 0x5))), function at exception vector 40 too large)

.vector_41      0x9d01f720        0x8
 *(.vector_41)
 .vector_41     0x9d01f720        0x8 d:/program files (x86)/microchip/xc32/v1.42/bin/bin/../../lib/gcc/pic32mx/4.8.3/../../../../pic32mx/lib\libpic32.a(vector41.o)
                0x9d01f720                __vector_dispatch_41
                0x00000001                ASSERT (((_vector_spacing == 0x0) || (SIZEOF (.vector_41) <= (_vector_spacing << 0x5))), function at exception vector 41 too large)

.vector_42      0x9d01f740        0x8
 *(.vector_42)
 .vector_42     0x9d01f740        0x8 d:/program files (x86)/microchip/xc32/v1.42/bin/bin/../../lib/gcc/pic32mx/4.8.3/../../../../pic32mx/lib\libpic32.a(vector42.o)
                0x9d01f740                __vector_dispatch_42
                0x00000001                ASSERT (((_vector_spacing == 0x0) || (SIZEOF (.vector_42) <= (_vector_spacing << 0x5))), function at exception vector 42 too large)

.vector_43      0x9d01f760        0x8
 *(.vector_43)
 .vector_43     0x9d01f760        0x8 d:/program files (x86)/microchip/xc32/v1.42/bin/bin/../../lib/gcc/pic32mx/4.8.3/../../../../pic32mx/lib\libpic32.a(vector43.o)
                0x9d01f760                __vector_dispatch_43
                0x00000001                ASSERT (((_vector_spacing == 0x0) || (SIZEOF (.vector_43) <= (_vector_spacing << 0x5))), function at exception vector 43 too large)

.vector_44      0x9d01f780        0x0
 *(.vector_44)
                0x00000001                ASSERT (((_vector_spacing == 0x0) || (SIZEOF (.vector_44) <= (_vector_spacing << 0x5))), function at exception vector 44 too large)

.vector_45      0x9d01f7a0        0x0
 *(.vector_45)
                0x00000001                ASSERT (((_vector_spacing == 0x0) || (SIZEOF (.vector_45) <= (_vector_spacing << 0x5))), function at exception vector 45 too large)

.vector_46      0x9d01f7c0        0x0
 *(.vector_46)
                0x00000001                ASSERT (((_vector_spacing == 0x0) || (SIZEOF (.vector_46) <= (_vector_spacing << 0x5))), function at exception vector 46 too large)

.vector_47      0x9d01f7e0        0x0
 *(.vector_47)
                0x00000001                ASSERT (((_vector_spacing == 0x0) || (SIZEOF (.vector_47) <= (_vector_spacing << 0x5))), function at exception vector 47 too large)

.vector_48      0x9d01f800        0x0
 *(.vector_48)
                0x00000001                ASSERT (((_vector_spacing == 0x0) || (SIZEOF (.vector_48) <= (_vector_spacing << 0x5))), function at exception vector 48 too large)

.vector_49      0x9d01f820        0x0
 *(.vector_49)
                0x00000001                ASSERT (((_vector_spacing == 0x0) || (SIZEOF (.vector_49) <= (_vector_spacing << 0x5))), function at exception vector 49 too large)

.vector_50      0x9d01f840        0x0
 *(.vector_50)
                0x00000001                ASSERT (((_vector_spacing == 0x0) || (SIZEOF (.vector_50) <= (_vector_spacing << 0x5))), function at exception vector 50 too large)

.vector_51      0x9d01f860        0x0
 *(.vector_51)
                0x00000001                ASSERT (((_vector_spacing == 0x0) || (SIZEOF (.vector_51) <= (_vector_spacing << 0x5))), function at exception vector 51 too large)

.vector_52      0x9d01f880        0x0
 *(.vector_52)
                0x00000001                ASSERT (((_vector_spacing == 0x0) || (SIZEOF (.vector_52) <= (_vector_spacing << 0x5))), function at exception vector 52 too large)

.vector_53      0x9d01f8a0        0x0
 *(.vector_53)
                0x00000001                ASSERT (((_vector_spacing == 0x0) || (SIZEOF (.vector_53) <= (_vector_spacing << 0x5))), function at exception vector 53 too large)

.vector_54      0x9d01f8c0        0x0
 *(.vector_54)
                0x00000001                ASSERT (((_vector_spacing == 0x0) || (SIZEOF (.vector_54) <= (_vector_spacing << 0x5))), function at exception vector 54 too large)

.vector_55      0x9d01f8e0        0x0
 *(.vector_55)
                0x00000001                ASSERT (((_vector_spacing == 0x0) || (SIZEOF (.vector_55) <= (_vector_spacing << 0x5))), function at exception vector 55 too large)

.vector_56      0x9d01f900        0x0
 *(.vector_56)
                0x00000001                ASSERT (((_vector_spacing == 0x0) || (SIZEOF (.vector_56) <= (_vector_spacing << 0x5))), function at exception vector 56 too large)

.vector_57      0x9d01f920        0x0
 *(.vector_57)
                0x00000001                ASSERT (((_vector_spacing == 0x0) || (SIZEOF (.vector_57) <= (_vector_spacing << 0x5))), function at exception vector 57 too large)

.vector_58      0x9d01f940        0x0
 *(.vector_58)
                0x00000001                ASSERT (((_vector_spacing == 0x0) || (SIZEOF (.vector_58) <= (_vector_spacing << 0x5))), function at exception vector 58 too large)

.vector_59      0x9d01f960        0x0
 *(.vector_59)
                0x00000001                ASSERT (((_vector_spacing == 0x0) || (SIZEOF (.vector_59) <= (_vector_spacing << 0x5))), function at exception vector 59 too large)

.vector_60      0x9d01f980        0x0
 *(.vector_60)
                0x00000001                ASSERT (((_vector_spacing == 0x0) || (SIZEOF (.vector_60) <= (_vector_spacing << 0x5))), function at exception vector 60 too large)

.vector_61      0x9d01f9a0        0x0
 *(.vector_61)
                0x00000001                ASSERT (((_vector_spacing == 0x0) || (SIZEOF (.vector_61) <= (_vector_spacing << 0x5))), function at exception vector 61 too large)

.vector_62      0x9d01f9c0        0x0
 *(.vector_62)
                0x00000001                ASSERT (((_vector_spacing == 0x0) || (SIZEOF (.vector_62) <= (_vector_spacing << 0x5))), function at exception vector 62 too large)

.vector_63      0x9d01f9e0        0x0
 *(.vector_63)
                0x00000001                ASSERT (((_vector_spacing == 0x0) || (SIZEOF (.vector_63) <= (_vector_spacing << 0x5))), function at exception vector 63 too large)

.startup
 *(.startup)

.text           0x9d000000        0x0
 *(.stub .gnu.linkonce.t.*)
 *(.text.*personality*)
 *(.mips16.fn.*)
 *(.mips16.call.*)
 *(.gnu.warning)
                0x9d000000                . = ALIGN (0x4)

.init           0x9d000000        0x0
 *crti.o(.init)
 *crtbegin.o(.init)
 *(EXCLUDE_FILE(*crtn.o *crtend?.o *crtend.o) .init)
 *crtend.o(.init)
 *crtn.o(.init)
                0x9d000000                . = ALIGN (0x4)

.fini           0x9d000000        0x0
 *(.fini)
                0x9d000000                . = ALIGN (0x4)

.preinit_array  0x9d000000        0x0
                0x9d000000                PROVIDE (__preinit_array_start, .)
 *(.preinit_array)
                0x9d000000                PROVIDE (__preinit_array_end, .)
                0x9d000000                . = ALIGN (0x4)

.init_array     0x9d000000        0x0
                0x9d000000                PROVIDE (__init_array_start, .)
 *(SORT(.init_array.*))
 *(.init_array)
                0x9d000000                PROVIDE (__init_array_end, .)
                0x9d000000                . = ALIGN (0x4)

.fini_array     0x9d000000        0x0
                0x9d000000                PROVIDE (__fini_array_start, .)
 *(SORT(.fini_array.*))
 *(.fini_array)
                0x9d000000                PROVIDE (__fini_array_end, .)
                0x9d000000                . = ALIGN (0x4)

.ctors          0x9d000000        0x0
 *crtbegin.o(.ctors)
 *crtbegin?.o(.ctors)
 *(EXCLUDE_FILE(*crtend?.o *crtend.o) .ctors)
 *(SORT(.ctors.*))
 *(.ctors)
                0x9d000000                . = ALIGN (0x4)

.dtors          0x9d000000        0x0
 *crtbegin.o(.dtors)
 *crtbegin?.o(.dtors)
 *(EXCLUDE_FILE(*crtend?.o *crtend.o) .dtors)
 *(SORT(.dtors.*))
 *(.dtors)
                0x9d000000                . = ALIGN (0x4)

.rodata         0x9d000000        0x0
 *(.gnu.linkonce.r.*)
 *(.rodata1)
                0x9d000000                . = ALIGN (0x4)

.sdata2         0x9fc00490        0x0
 *(.sdata2 .sdata2.* .gnu.linkonce.s2.*)
                0x9fc00490                . = ALIGN (0x4)

.sbss2          0x9fc00490        0x0
 *(.sbss2 .sbss2.* .gnu.linkonce.sb2.*)
                0x9fc00490                . = ALIGN (0x4)

.eh_frame_hdr
 *(.eh_frame_hdr)
                0x9fc00490                . = ALIGN (0x4)

.eh_frame
 *(.eh_frame)
                0x9fc00490                . = ALIGN (0x4)

.gcc_except_table
 *(.gcc_except_table .gcc_except_table.*)
                0x9fc00490                . = ALIGN (0x4)

.dbg_data       0xa0000000        0x0
                0xa0000000                . = (. + DEFINED (_DEBUGGER)?0x200:0x0)

.jcr            0xa0000000        0x0
 *(.jcr)
                0xa0000000                . = ALIGN (0x4)

.eh_frame
 *(.eh_frame)
                0xa0000000                . = ALIGN (0x4)

.gcc_except_table
 *(.gcc_except_table .gcc_except_table.*)
                0xa0000000                . = ALIGN (0x4)

.persist        0xa0000000        0x0
                0xa0000000                _persist_begin = .
 *(.persist .persist.*)
 *(.pbss .pbss.*)
                0xa0000000                . = ALIGN (0x4)
                0xa0000000                _persist_end = .

.data           0xa0000000        0x0
 *(.gnu.linkonce.d.*)
 *(.data1)
                0xa0000000                . = ALIGN (0x4)
                0xa0000000                . = .
                0xa0007ff0                _gp = (ALIGN (0x10) + 0x7ff0)

.got            0xa0000000        0x0
 *(.got.plt)
 *(.got)
                0xa0000000                . = ALIGN (0x4)

.sdata          0xa0000000        0x4
                0xa0000000                _sdata_begin = .
 *(.sdata .sdata.* .gnu.linkonce.s.*)
 .sdata         0xa0000000        0x4 build/default/production/_ext/1360937237/app.o
                0xa0000000                TXbuffer
                0xa0000004                . = ALIGN (0x4)
                0xa0000004                _sdata_end = .

.lit8
 *(.lit8)

.lit4
 *(.lit4)
                0xa0000004                . = ALIGN (0x4)
                0xa0000004                _data_end = .
                0xa0000004                _bss_begin = .

.sbss           0xa0000004       0x40
                0xa0000004                _sbss_begin = .
 *(.dynsbss)
 *(.sbss .sbss.* .gnu.linkonce.sb.*)
 .sbss          0xa0000004        0x8 build/default/production/_ext/1360937237/app.o
 .sbss          0xa000000c        0x6 build/default/production/_ext/12144542/drv_i2c_static_buffer_model.o
                0xa000000c                QueueDelta_0
                0xa000000e                QueueOut_0
                0xa0000010                QueueIn_0
 .sbss          0xa0000012        0x1 build/default/production/_ext/1407244131/drv_tmr_static.o
 *fill*         0xa0000013        0x1 
 .sbss          0xa0000014        0xc build/default/production/_ext/1688732426/system_exceptions.o
 *(.scommon)
 .scommon       0xa0000020        0x5 build/default/production/_ext/1360937237/app.o
                0xa0000020                i2cOpStatus
                0xa0000024                deviceAddress
 *fill*         0xa0000025        0x3 
 .scommon       0xa0000028       0x10 build/default/production/_ext/12144542/drv_i2c_static_buffer_model.o
                0xa0000028                i2c0ClientObj
                0xa0000030                i2c0State
                0xa0000034                lBufferObj0
 .scommon       0xa0000038        0x8 build/default/production/_ext/340578644/sys_devcon.o
                0xa0000038                sysDevconObj
 .scommon       0xa0000040        0x4 build/default/production/_ext/1688732426/system_init.o
                0xa0000040                sysObj
                0xa0000044                _sbss_end = .
                0xa0000044                . = ALIGN (0x4)

.bss            0xa0000044       0x74
 *(.dynbss)
 *(COMMON)
 COMMON         0xa0000044       0x10 build/default/production/_ext/1360937237/app.o
                0xa0000044                appData
 COMMON         0xa0000054       0x2c build/default/production/_ext/12144542/drv_i2c_static_buffer_model.o
                0xa0000054                i2c0Obj
 COMMON         0xa0000080       0x38 build/default/production/_ext/639803181/sys_clk.o
                0xa0000080                clkObject
                0xa00000b8                . = ALIGN ((. != 0x0)?0x4:0x1)
                0xa00000b8                . = ALIGN (0x4)
                0xa00000b8                _end = .
                0xa00000b8                _bss_end = .
                0x00008000                _bmxdudba_address = 0x8000
                0x00008000                _bmxdupba_address = 0x8000

/DISCARD/
 *(.pdr)
 *(.rel.dyn)
 *(.note.GNU-stack)
 *(.note.GNU-stack)
 *(.gnu_debuglink)
 *(.gnu.lto_*)
 *(.discard)

.gptab.sdata
 *(.gptab.data)
 *(.gptab.sdata)

.gptab.sbss
 *(.gptab.bss)
 *(.gptab.sbss)

.mdebug.abi32   0xa00000b8        0x0
 *(.mdebug.abi32)
 .mdebug.abi32  0xa00000b8        0x0 build/default/production/_ext/1360937237/app.o
 .mdebug.abi32  0xa00000b8        0x0 build/default/production/_ext/1360937237/main.o
 .mdebug.abi32  0xa00000b8        0x0 build/default/production/_ext/122796885/sys_int_pic32.o
 .mdebug.abi32  0xa00000b8        0x0 build/default/production/_ext/12144542/drv_i2c_static_buffer_model.o
 .mdebug.abi32  0xa00000b8        0x0 build/default/production/_ext/12144542/drv_i2c_mapping.o
 .mdebug.abi32  0xa00000b8        0x0 build/default/production/_ext/1407244131/drv_tmr_static.o
 .mdebug.abi32  0xa00000b8        0x0 build/default/production/_ext/1407244131/drv_tmr_mapping.o
 .mdebug.abi32  0xa00000b8        0x0 build/default/production/_ext/639803181/sys_clk.o
 .mdebug.abi32  0xa00000b8        0x0 build/default/production/_ext/639803181/sys_clk_pic32mx.o
 .mdebug.abi32  0xa00000b8        0x0 build/default/production/_ext/340578644/sys_devcon.o
 .mdebug.abi32  0xa00000b8        0x0 build/default/production/_ext/340578644/sys_devcon_pic32mx.o
 .mdebug.abi32  0xa00000b8        0x0 build/default/production/_ext/822048611/sys_ports_static.o
 .mdebug.abi32  0xa00000b8        0x0 build/default/production/_ext/1688732426/system_init.o
 .mdebug.abi32  0xa00000b8        0x0 build/default/production/_ext/1688732426/system_interrupt.o
 .mdebug.abi32  0xa00000b8        0x0 build/default/production/_ext/1688732426/system_exceptions.o
 .mdebug.abi32  0xa00000b8        0x0 build/default/production/_ext/1688732426/system_tasks.o
 .mdebug.abi32  0xa00000b8        0x0 d:/program files (x86)/microchip/xc32/v1.42/bin/bin/../../lib/gcc/pic32mx/4.8.3\libgcc.a(floatunsisf.o)
 .mdebug.abi32  0xa00000b8        0x0 d:/program files (x86)/microchip/xc32/v1.42/bin/bin/../../lib/gcc/pic32mx/4.8.3/../../../../pic32mx/lib\libpic32.a(default-bootstrap-exception-handler.o)
 .mdebug.abi32  0xa00000b8        0x0 d:/program files (x86)/microchip/xc32/v1.42/bin/bin/../../lib/gcc/pic32mx/4.8.3/../../../../pic32mx/lib\libpic32.a(default-on-reset.o)
 .mdebug.abi32  0xa00000b8        0x0 d:/program files (x86)/microchip/xc32/v1.42/bin/bin/../../lib/gcc/pic32mx/4.8.3/../../../../pic32mx/lib\libpic32.a(default-on-bootstrap.o)
 .mdebug.abi32  0xa00000b8        0x0 d:/program files (x86)/microchip/xc32/v1.42/bin/bin/../../lib/gcc/pic32mx/4.8.3/../../../../pic32mx/lib\libpic32.a(defaultinterrupt.o)

.mdebug.abiN32
 *(.mdebug.abiN32)

.mdebug.abi64
 *(.mdebug.abi64)

.mdebug.abiO64
 *(.mdebug.abiO64)

.mdebug.eabi32
 *(.mdebug.eabi32)

.mdebug.eabi64
 *(.mdebug.eabi64)

.gcc_compiled_long32
 *(.gcc_compiled_long32)

.gcc_compiled_long64
 *(.gcc_compiled_long64)

.stab
 *(.stab)

.stabstr
 *(.stabstr)

.stab.excl
 *(.stab.excl)

.stab.exclstr
 *(.stab.exclstr)

.stab.index
 *(.stab.index)

.stab.indexstr
 *(.stab.indexstr)

.comment        0x00000000       0x3c
 *(.comment)
 .comment       0x00000000       0x3c build/default/production/_ext/1360937237/app.o
                                 0x3d (size before relaxing)
 .comment       0x00000000       0x3d build/default/production/_ext/1360937237/main.o
 .comment       0x00000000       0x3d build/default/production/_ext/122796885/sys_int_pic32.o
 .comment       0x00000000       0x3d build/default/production/_ext/12144542/drv_i2c_static_buffer_model.o
 .comment       0x00000000       0x3d build/default/production/_ext/12144542/drv_i2c_mapping.o
 .comment       0x00000000       0x3d build/default/production/_ext/1407244131/drv_tmr_static.o
 .comment       0x00000000       0x3d build/default/production/_ext/1407244131/drv_tmr_mapping.o
 .comment       0x00000000       0x3d build/default/production/_ext/639803181/sys_clk.o
 .comment       0x00000000       0x3d build/default/production/_ext/639803181/sys_clk_pic32mx.o
 .comment       0x00000000       0x3d build/default/production/_ext/340578644/sys_devcon.o
 .comment       0x00000000       0x3d build/default/production/_ext/340578644/sys_devcon_pic32mx.o
 .comment       0x00000000       0x3d build/default/production/_ext/822048611/sys_ports_static.o
 .comment       0x00000000       0x3d build/default/production/_ext/1688732426/system_init.o
 .comment       0x00000000       0x3d build/default/production/_ext/1688732426/system_interrupt.o
 .comment       0x00000000       0x3d build/default/production/_ext/1688732426/system_exceptions.o
 .comment       0x00000000       0x3d build/default/production/_ext/1688732426/system_tasks.o
 .comment       0x00000000       0x3d d:/program files (x86)/microchip/xc32/v1.42/bin/bin/../../lib/gcc/pic32mx/4.8.3\libgcc.a(floatunsisf.o)
 .comment       0x00000000       0x3d d:/program files (x86)/microchip/xc32/v1.42/bin/bin/../../lib/gcc/pic32mx/4.8.3/../../../../pic32mx/lib\libpic32.a(default-bootstrap-exception-handler.o)
 .comment       0x00000000       0x3d d:/program files (x86)/microchip/xc32/v1.42/bin/bin/../../lib/gcc/pic32mx/4.8.3/../../../../pic32mx/lib\libpic32.a(default-on-reset.o)
 .comment       0x00000000       0x3d d:/program files (x86)/microchip/xc32/v1.42/bin/bin/../../lib/gcc/pic32mx/4.8.3/../../../../pic32mx/lib\libpic32.a(default-on-bootstrap.o)
 .comment       0x00000000       0x3d d:/program files (x86)/microchip/xc32/v1.42/bin/bin/../../lib/gcc/pic32mx/4.8.3/../../../../pic32mx/lib\libpic32.a(defaultinterrupt.o)

.debug
 *(.debug)

.line
 *(.line)

.debug_srcinfo
 *(.debug_srcinfo)

.debug_sfnames
 *(.debug_sfnames)

.debug_aranges  0x00000000      0x6f8
 *(.debug_aranges)
 .debug_aranges
                0x00000000       0x50 build/default/production/_ext/1360937237/app.o
 .debug_aranges
                0x00000050       0x20 build/default/production/_ext/1360937237/main.o
 .debug_aranges
                0x00000070       0x48 build/default/production/_ext/122796885/sys_int_pic32.o
 .debug_aranges
                0x000000b8       0x90 build/default/production/_ext/12144542/drv_i2c_static_buffer_model.o
 .debug_aranges
                0x00000148       0x60 build/default/production/_ext/12144542/drv_i2c_mapping.o
 .debug_aranges
                0x000001a8       0x88 build/default/production/_ext/1407244131/drv_tmr_static.o
 .debug_aranges
                0x00000230       0xe8 build/default/production/_ext/1407244131/drv_tmr_mapping.o
 .debug_aranges
                0x00000318       0x88 build/default/production/_ext/639803181/sys_clk.o
 .debug_aranges
                0x000003a0       0x90 build/default/production/_ext/639803181/sys_clk_pic32mx.o
 .debug_aranges
                0x00000430       0x78 build/default/production/_ext/340578644/sys_devcon.o
 .debug_aranges
                0x000004a8       0x20 build/default/production/_ext/340578644/sys_devcon_pic32mx.o
 .debug_aranges
                0x000004c8      0x108 build/default/production/_ext/822048611/sys_ports_static.o
 .debug_aranges
                0x000005d0       0x20 build/default/production/_ext/1688732426/system_init.o
 .debug_aranges
                0x000005f0       0x28 build/default/production/_ext/1688732426/system_interrupt.o
 .debug_aranges
                0x00000618       0x20 build/default/production/_ext/1688732426/system_exceptions.o
 .debug_aranges
                0x00000638       0x20 build/default/production/_ext/1688732426/system_tasks.o
 .debug_aranges
                0x00000658       0x20 d:/program files (x86)/microchip/xc32/v1.42/bin/bin/../../lib/gcc/pic32mx/4.8.3\libgcc.a(floatunsisf.o)
 .debug_aranges
                0x00000678       0x20 d:/program files (x86)/microchip/xc32/v1.42/bin/bin/../../lib/gcc/pic32mx/4.8.3/../../../../pic32mx/lib\libpic32.a(default-bootstrap-exception-handler.o)
 .debug_aranges
                0x00000698       0x20 d:/program files (x86)/microchip/xc32/v1.42/bin/bin/../../lib/gcc/pic32mx/4.8.3/../../../../pic32mx/lib\libpic32.a(default-on-reset.o)
 .debug_aranges
                0x000006b8       0x20 d:/program files (x86)/microchip/xc32/v1.42/bin/bin/../../lib/gcc/pic32mx/4.8.3/../../../../pic32mx/lib\libpic32.a(default-on-bootstrap.o)
 .debug_aranges
                0x000006d8       0x20 d:/program files (x86)/microchip/xc32/v1.42/bin/bin/../../lib/gcc/pic32mx/4.8.3/../../../../pic32mx/lib\libpic32.a(defaultinterrupt.o)

.debug_pubnames
 *(.debug_pubnames)

.debug_info     0x00000000    0x1ea25
 *(.debug_info .gnu.linkonce.wi.*)
 .debug_info    0x00000000     0x18f3 build/default/production/_ext/1360937237/app.o
 .debug_info    0x000018f3      0x1b6 build/default/production/_ext/1360937237/main.o
 .debug_info    0x00001aa9     0x130d build/default/production/_ext/122796885/sys_int_pic32.o
 .debug_info    0x00002db6     0x5653 build/default/production/_ext/12144542/drv_i2c_static_buffer_model.o
 .debug_info    0x00008409     0x154e build/default/production/_ext/12144542/drv_i2c_mapping.o
 .debug_info    0x00009957     0x3a0b build/default/production/_ext/1407244131/drv_tmr_static.o
 .debug_info    0x0000d362     0x19ca build/default/production/_ext/1407244131/drv_tmr_mapping.o
 .debug_info    0x0000ed2c     0x239b build/default/production/_ext/639803181/sys_clk.o
 .debug_info    0x000110c7     0x32a6 build/default/production/_ext/639803181/sys_clk_pic32mx.o
 .debug_info    0x0001436d     0x1660 build/default/production/_ext/340578644/sys_devcon.o
 .debug_info    0x000159cd     0x107d build/default/production/_ext/340578644/sys_devcon_pic32mx.o
 .debug_info    0x00016a4a     0x3ca0 build/default/production/_ext/822048611/sys_ports_static.o
 .debug_info    0x0001a6ea     0x11d4 build/default/production/_ext/1688732426/system_init.o
 .debug_info    0x0001b8be     0x14c3 build/default/production/_ext/1688732426/system_interrupt.o
 .debug_info    0x0001cd81      0xc8f build/default/production/_ext/1688732426/system_exceptions.o
 .debug_info    0x0001da10      0xb60 build/default/production/_ext/1688732426/system_tasks.o
 .debug_info    0x0001e570      0x131 d:/program files (x86)/microchip/xc32/v1.42/bin/bin/../../lib/gcc/pic32mx/4.8.3\libgcc.a(floatunsisf.o)
 .debug_info    0x0001e6a1       0xf5 d:/program files (x86)/microchip/xc32/v1.42/bin/bin/../../lib/gcc/pic32mx/4.8.3/../../../../pic32mx/lib\libpic32.a(default-bootstrap-exception-handler.o)
 .debug_info    0x0001e796       0xcf d:/program files (x86)/microchip/xc32/v1.42/bin/bin/../../lib/gcc/pic32mx/4.8.3/../../../../pic32mx/lib\libpic32.a(default-on-reset.o)
 .debug_info    0x0001e865       0xd7 d:/program files (x86)/microchip/xc32/v1.42/bin/bin/../../lib/gcc/pic32mx/4.8.3/../../../../pic32mx/lib\libpic32.a(default-on-bootstrap.o)
 .debug_info    0x0001e93c       0xe9 d:/program files (x86)/microchip/xc32/v1.42/bin/bin/../../lib/gcc/pic32mx/4.8.3/../../../../pic32mx/lib\libpic32.a(defaultinterrupt.o)

.debug_abbrev   0x00000000     0x26e9
 *(.debug_abbrev)
 .debug_abbrev  0x00000000      0x323 build/default/production/_ext/1360937237/app.o
 .debug_abbrev  0x00000323       0x93 build/default/production/_ext/1360937237/main.o
 .debug_abbrev  0x000003b6      0x226 build/default/production/_ext/122796885/sys_int_pic32.o
 .debug_abbrev  0x000005dc      0x3c5 build/default/production/_ext/12144542/drv_i2c_static_buffer_model.o
 .debug_abbrev  0x000009a1      0x1a3 build/default/production/_ext/12144542/drv_i2c_mapping.o
 .debug_abbrev  0x00000b44      0x397 build/default/production/_ext/1407244131/drv_tmr_static.o
 .debug_abbrev  0x00000edb      0x2cc build/default/production/_ext/1407244131/drv_tmr_mapping.o
 .debug_abbrev  0x000011a7      0x39f build/default/production/_ext/639803181/sys_clk.o
 .debug_abbrev  0x00001546      0x3e4 build/default/production/_ext/639803181/sys_clk_pic32mx.o
 .debug_abbrev  0x0000192a      0x2a0 build/default/production/_ext/340578644/sys_devcon.o
 .debug_abbrev  0x00001bca      0x204 build/default/production/_ext/340578644/sys_devcon_pic32mx.o
 .debug_abbrev  0x00001dce      0x28f build/default/production/_ext/822048611/sys_ports_static.o
 .debug_abbrev  0x0000205d      0x232 build/default/production/_ext/1688732426/system_init.o
 .debug_abbrev  0x0000228f      0x1a3 build/default/production/_ext/1688732426/system_interrupt.o
 .debug_abbrev  0x00002432       0xef build/default/production/_ext/1688732426/system_exceptions.o
 .debug_abbrev  0x00002521       0xc6 build/default/production/_ext/1688732426/system_tasks.o
 .debug_abbrev  0x000025e7       0x62 d:/program files (x86)/microchip/xc32/v1.42/bin/bin/../../lib/gcc/pic32mx/4.8.3\libgcc.a(floatunsisf.o)
 .debug_abbrev  0x00002649       0x28 d:/program files (x86)/microchip/xc32/v1.42/bin/bin/../../lib/gcc/pic32mx/4.8.3/../../../../pic32mx/lib\libpic32.a(default-bootstrap-exception-handler.o)
 .debug_abbrev  0x00002671       0x28 d:/program files (x86)/microchip/xc32/v1.42/bin/bin/../../lib/gcc/pic32mx/4.8.3/../../../../pic32mx/lib\libpic32.a(default-on-reset.o)
 .debug_abbrev  0x00002699       0x28 d:/program files (x86)/microchip/xc32/v1.42/bin/bin/../../lib/gcc/pic32mx/4.8.3/../../../../pic32mx/lib\libpic32.a(default-on-bootstrap.o)
 .debug_abbrev  0x000026c1       0x28 d:/program files (x86)/microchip/xc32/v1.42/bin/bin/../../lib/gcc/pic32mx/4.8.3/../../../../pic32mx/lib\libpic32.a(defaultinterrupt.o)

.debug_line     0x00000000     0x531f
 *(.debug_line)
 .debug_line    0x00000000      0x45d build/default/production/_ext/1360937237/app.o
 .debug_line    0x0000045d       0xc2 build/default/production/_ext/1360937237/main.o
 .debug_line    0x0000051f      0x358 build/default/production/_ext/122796885/sys_int_pic32.o
 .debug_line    0x00000877      0xcc8 build/default/production/_ext/12144542/drv_i2c_static_buffer_model.o
 .debug_line    0x0000153f      0x3a9 build/default/production/_ext/12144542/drv_i2c_mapping.o
 .debug_line    0x000018e8      0x6a6 build/default/production/_ext/1407244131/drv_tmr_static.o
 .debug_line    0x00001f8e      0x507 build/default/production/_ext/1407244131/drv_tmr_mapping.o
 .debug_line    0x00002495      0x586 build/default/production/_ext/639803181/sys_clk.o
 .debug_line    0x00002a1b      0x876 build/default/production/_ext/639803181/sys_clk_pic32mx.o
 .debug_line    0x00003291      0x639 build/default/production/_ext/340578644/sys_devcon.o
 .debug_line    0x000038ca      0x395 build/default/production/_ext/340578644/sys_devcon_pic32mx.o
 .debug_line    0x00003c5f      0x88f build/default/production/_ext/822048611/sys_ports_static.o
 .debug_line    0x000044ee      0x56c build/default/production/_ext/1688732426/system_init.o
 .debug_line    0x00004a5a      0x33a build/default/production/_ext/1688732426/system_interrupt.o
 .debug_line    0x00004d94      0x136 build/default/production/_ext/1688732426/system_exceptions.o
 .debug_line    0x00004eca      0x138 build/default/production/_ext/1688732426/system_tasks.o
 .debug_line    0x00005002       0x9c d:/program files (x86)/microchip/xc32/v1.42/bin/bin/../../lib/gcc/pic32mx/4.8.3\libgcc.a(floatunsisf.o)
 .debug_line    0x0000509e       0xa9 d:/program files (x86)/microchip/xc32/v1.42/bin/bin/../../lib/gcc/pic32mx/4.8.3/../../../../pic32mx/lib\libpic32.a(default-bootstrap-exception-handler.o)
 .debug_line    0x00005147       0x96 d:/program files (x86)/microchip/xc32/v1.42/bin/bin/../../lib/gcc/pic32mx/4.8.3/../../../../pic32mx/lib\libpic32.a(default-on-reset.o)
 .debug_line    0x000051dd       0x9a d:/program files (x86)/microchip/xc32/v1.42/bin/bin/../../lib/gcc/pic32mx/4.8.3/../../../../pic32mx/lib\libpic32.a(default-on-bootstrap.o)
 .debug_line    0x00005277       0xa8 d:/program files (x86)/microchip/xc32/v1.42/bin/bin/../../lib/gcc/pic32mx/4.8.3/../../../../pic32mx/lib\libpic32.a(defaultinterrupt.o)

.debug_frame    0x00000000      0xe6c
 *(.debug_frame)
 .debug_frame   0x00000000       0xa8 build/default/production/_ext/1360937237/app.o
 .debug_frame   0x000000a8       0x28 build/default/production/_ext/1360937237/main.o
 .debug_frame   0x000000d0       0x90 build/default/production/_ext/122796885/sys_int_pic32.o
 .debug_frame   0x00000160      0x150 build/default/production/_ext/12144542/drv_i2c_static_buffer_model.o
 .debug_frame   0x000002b0      0x118 build/default/production/_ext/12144542/drv_i2c_mapping.o
 .debug_frame   0x000003c8       0xf8 build/default/production/_ext/1407244131/drv_tmr_static.o
 .debug_frame   0x000004c0      0x26c build/default/production/_ext/1407244131/drv_tmr_mapping.o
 .debug_frame   0x0000072c      0x144 build/default/production/_ext/639803181/sys_clk.o
 .debug_frame   0x00000870      0x150 build/default/production/_ext/639803181/sys_clk_pic32mx.o
 .debug_frame   0x000009c0       0xe8 build/default/production/_ext/340578644/sys_devcon.o
 .debug_frame   0x00000aa8       0x28 build/default/production/_ext/340578644/sys_devcon_pic32mx.o
 .debug_frame   0x00000ad0      0x1f0 build/default/production/_ext/822048611/sys_ports_static.o
 .debug_frame   0x00000cc0       0x28 build/default/production/_ext/1688732426/system_init.o
 .debug_frame   0x00000ce8       0x80 build/default/production/_ext/1688732426/system_interrupt.o
 .debug_frame   0x00000d68       0x28 build/default/production/_ext/1688732426/system_exceptions.o
 .debug_frame   0x00000d90       0x28 build/default/production/_ext/1688732426/system_tasks.o
 .debug_frame   0x00000db8       0x28 d:/program files (x86)/microchip/xc32/v1.42/bin/bin/../../lib/gcc/pic32mx/4.8.3\libgcc.a(floatunsisf.o)
 .debug_frame   0x00000de0       0x2c d:/program files (x86)/microchip/xc32/v1.42/bin/bin/../../lib/gcc/pic32mx/4.8.3/../../../../pic32mx/lib\libpic32.a(default-bootstrap-exception-handler.o)
 .debug_frame   0x00000e0c       0x20 d:/program files (x86)/microchip/xc32/v1.42/bin/bin/../../lib/gcc/pic32mx/4.8.3/../../../../pic32mx/lib\libpic32.a(default-on-reset.o)
 .debug_frame   0x00000e2c       0x20 d:/program files (x86)/microchip/xc32/v1.42/bin/bin/../../lib/gcc/pic32mx/4.8.3/../../../../pic32mx/lib\libpic32.a(default-on-bootstrap.o)
 .debug_frame   0x00000e4c       0x20 d:/program files (x86)/microchip/xc32/v1.42/bin/bin/../../lib/gcc/pic32mx/4.8.3/../../../../pic32mx/lib\libpic32.a(defaultinterrupt.o)

.debug_str      0x00000000      0x446
 *(.debug_str)
 .debug_str     0x00000000       0x15 build/default/production/_ext/1360937237/app.o
 .debug_str     0x00000015        0x0 build/default/production/_ext/1360937237/main.o
 .debug_str     0x00000015       0x2d build/default/production/_ext/122796885/sys_int_pic32.o
 .debug_str     0x00000042       0x90 build/default/production/_ext/12144542/drv_i2c_static_buffer_model.o
 .debug_str     0x000000d2       0x3f build/default/production/_ext/12144542/drv_i2c_mapping.o
 .debug_str     0x00000111       0x68 build/default/production/_ext/1407244131/drv_tmr_static.o
 .debug_str     0x00000179        0xe build/default/production/_ext/1407244131/drv_tmr_mapping.o
 .debug_str     0x00000187       0xa7 build/default/production/_ext/639803181/sys_clk.o
 .debug_str     0x0000022e      0x15b build/default/production/_ext/639803181/sys_clk_pic32mx.o
 .debug_str     0x00000389       0x16 build/default/production/_ext/340578644/sys_devcon.o
 .debug_str     0x0000039f        0x6 build/default/production/_ext/340578644/sys_devcon_pic32mx.o
 .debug_str     0x000003a5       0xa1 build/default/production/_ext/822048611/sys_ports_static.o
 .debug_str     0x00000446        0x0 build/default/production/_ext/1688732426/system_init.o
 .debug_str     0x00000446        0x0 build/default/production/_ext/1688732426/system_interrupt.o
 .debug_str     0x00000446        0x0 build/default/production/_ext/1688732426/system_exceptions.o
 .debug_str     0x00000446        0x0 build/default/production/_ext/1688732426/system_tasks.o
 .debug_str     0x00000446        0x0 d:/program files (x86)/microchip/xc32/v1.42/bin/bin/../../lib/gcc/pic32mx/4.8.3\libgcc.a(floatunsisf.o)
 .debug_str     0x00000446        0x0 d:/program files (x86)/microchip/xc32/v1.42/bin/bin/../../lib/gcc/pic32mx/4.8.3/../../../../pic32mx/lib\libpic32.a(default-bootstrap-exception-handler.o)
 .debug_str     0x00000446        0x0 d:/program files (x86)/microchip/xc32/v1.42/bin/bin/../../lib/gcc/pic32mx/4.8.3/../../../../pic32mx/lib\libpic32.a(default-on-reset.o)
 .debug_str     0x00000446        0x0 d:/program files (x86)/microchip/xc32/v1.42/bin/bin/../../lib/gcc/pic32mx/4.8.3/../../../../pic32mx/lib\libpic32.a(default-on-bootstrap.o)
 .debug_str     0x00000446        0x0 d:/program files (x86)/microchip/xc32/v1.42/bin/bin/../../lib/gcc/pic32mx/4.8.3/../../../../pic32mx/lib\libpic32.a(defaultinterrupt.o)

.debug_loc      0x00000000     0x3c7f
 *(.debug_loc)
 .debug_loc     0x00000000       0xe8 build/default/production/_ext/1360937237/app.o
 .debug_loc     0x000000e8       0x69 build/default/production/_ext/122796885/sys_int_pic32.o
 .debug_loc     0x00000151      0xcc6 build/default/production/_ext/12144542/drv_i2c_static_buffer_model.o
 .debug_loc     0x00000e17      0x617 build/default/production/_ext/12144542/drv_i2c_mapping.o
 .debug_loc     0x0000142e      0x343 build/default/production/_ext/1407244131/drv_tmr_static.o
 .debug_loc     0x00001771      0x38f build/default/production/_ext/1407244131/drv_tmr_mapping.o
 .debug_loc     0x00001b00      0x2a8 build/default/production/_ext/639803181/sys_clk.o
 .debug_loc     0x00001da8     0x12f9 build/default/production/_ext/639803181/sys_clk_pic32mx.o
 .debug_loc     0x000030a1       0xf0 build/default/production/_ext/340578644/sys_devcon.o
 .debug_loc     0x00003191       0xa3 build/default/production/_ext/340578644/sys_devcon_pic32mx.o
 .debug_loc     0x00003234      0x9b6 build/default/production/_ext/822048611/sys_ports_static.o
 .debug_loc     0x00003bea       0x21 build/default/production/_ext/1688732426/system_init.o
 .debug_loc     0x00003c0b       0x74 d:/program files (x86)/microchip/xc32/v1.42/bin/bin/../../lib/gcc/pic32mx/4.8.3\libgcc.a(floatunsisf.o)

.debug_macinfo
 *(.debug_macinfo)

.debug_weaknames
 *(.debug_weaknames)

.debug_funcnames
 *(.debug_funcnames)

.debug_typenames
 *(.debug_typenames)

.debug_varnames
 *(.debug_varnames)

.debug_pubtypes
 *(.debug_pubtypes)

.debug_ranges   0x00000000      0x630
 *(.debug_ranges)
 .debug_ranges  0x00000000       0x40 build/default/production/_ext/1360937237/app.o
 .debug_ranges  0x00000040       0x10 build/default/production/_ext/1360937237/main.o
 .debug_ranges  0x00000050       0x50 build/default/production/_ext/122796885/sys_int_pic32.o
 .debug_ranges  0x000000a0       0x80 build/default/production/_ext/12144542/drv_i2c_static_buffer_model.o
 .debug_ranges  0x00000120       0x50 build/default/production/_ext/12144542/drv_i2c_mapping.o
 .debug_ranges  0x00000170       0x90 build/default/production/_ext/1407244131/drv_tmr_static.o
 .debug_ranges  0x00000200       0xd8 build/default/production/_ext/1407244131/drv_tmr_mapping.o
 .debug_ranges  0x000002d8       0x78 build/default/production/_ext/639803181/sys_clk.o
 .debug_ranges  0x00000350       0xe8 build/default/production/_ext/639803181/sys_clk_pic32mx.o
 .debug_ranges  0x00000438       0x68 build/default/production/_ext/340578644/sys_devcon.o
 .debug_ranges  0x000004a0       0x10 build/default/production/_ext/340578644/sys_devcon_pic32mx.o
 .debug_ranges  0x000004b0       0xf8 build/default/production/_ext/822048611/sys_ports_static.o
 .debug_ranges  0x000005a8       0x10 build/default/production/_ext/1688732426/system_init.o
 .debug_ranges  0x000005b8       0x18 build/default/production/_ext/1688732426/system_interrupt.o
 .debug_ranges  0x000005d0       0x10 build/default/production/_ext/1688732426/system_exceptions.o
 .debug_ranges  0x000005e0       0x10 build/default/production/_ext/1688732426/system_tasks.o
 .debug_ranges  0x000005f0       0x10 d:/program files (x86)/microchip/xc32/v1.42/bin/bin/../../lib/gcc/pic32mx/4.8.3/../../../../pic32mx/lib\libpic32.a(default-bootstrap-exception-handler.o)
 .debug_ranges  0x00000600       0x10 d:/program files (x86)/microchip/xc32/v1.42/bin/bin/../../lib/gcc/pic32mx/4.8.3/../../../../pic32mx/lib\libpic32.a(default-on-reset.o)
 .debug_ranges  0x00000610       0x10 d:/program files (x86)/microchip/xc32/v1.42/bin/bin/../../lib/gcc/pic32mx/4.8.3/../../../../pic32mx/lib\libpic32.a(default-on-bootstrap.o)
 .debug_ranges  0x00000620       0x10 d:/program files (x86)/microchip/xc32/v1.42/bin/bin/../../lib/gcc/pic32mx/4.8.3/../../../../pic32mx/lib\libpic32.a(defaultinterrupt.o)

.gnu.attributes
                0x00000000       0x10
 *(.gnu.attributes)
 .gnu.attributes
                0x00000000       0x10 build/default/production/_ext/1360937237/app.o
 .gnu.attributes
                0x00000010       0x10 build/default/production/_ext/1360937237/main.o
 .gnu.attributes
                0x00000020       0x10 build/default/production/_ext/122796885/sys_int_pic32.o
 .gnu.attributes
                0x00000030       0x10 build/default/production/_ext/12144542/drv_i2c_static_buffer_model.o
 .gnu.attributes
                0x00000040       0x10 build/default/production/_ext/12144542/drv_i2c_mapping.o
 .gnu.attributes
                0x00000050       0x10 build/default/production/_ext/1407244131/drv_tmr_static.o
 .gnu.attributes
                0x00000060       0x10 build/default/production/_ext/1407244131/drv_tmr_mapping.o
 .gnu.attributes
                0x00000070       0x10 build/default/production/_ext/639803181/sys_clk.o
 .gnu.attributes
                0x00000080       0x10 build/default/production/_ext/639803181/sys_clk_pic32mx.o
 .gnu.attributes
                0x00000090       0x10 build/default/production/_ext/340578644/sys_devcon.o
 .gnu.attributes
                0x000000a0       0x10 build/default/production/_ext/340578644/sys_devcon_pic32mx.o
 .gnu.attributes
                0x000000b0       0x10 build/default/production/_ext/822048611/sys_ports_static.o
 .gnu.attributes
                0x000000c0       0x10 build/default/production/_ext/1688732426/system_init.o
 .gnu.attributes
                0x000000d0       0x10 build/default/production/_ext/1688732426/system_interrupt.o
 .gnu.attributes
                0x000000e0       0x10 build/default/production/_ext/1688732426/system_exceptions.o
 .gnu.attributes
                0x000000f0       0x10 build/default/production/_ext/1688732426/system_tasks.o
 .gnu.attributes
                0x00000100       0x10 d:/program files (x86)/microchip/xc32/v1.42/bin/bin/../../lib/gcc/pic32mx/4.8.3\libgcc.a(floatunsisf.o)
 .gnu.attributes
                0x00000110       0x10 d:/program files (x86)/microchip/xc32/v1.42/bin/bin/../../lib/gcc/pic32mx/4.8.3/../../../../pic32mx/lib\libpic32.a(default-bootstrap-exception-handler.o)
 .gnu.attributes
                0x00000120       0x10 d:/program files (x86)/microchip/xc32/v1.42/bin/bin/../../lib/gcc/pic32mx/4.8.3/../../../../pic32mx/lib\libpic32.a(default-on-reset.o)
 .gnu.attributes
                0x00000130       0x10 d:/program files (x86)/microchip/xc32/v1.42/bin/bin/../../lib/gcc/pic32mx/4.8.3/../../../../pic32mx/lib\libpic32.a(default-on-bootstrap.o)
 .gnu.attributes
                0x00000140       0x10 d:/program files (x86)/microchip/xc32/v1.42/bin/bin/../../lib/gcc/pic32mx/4.8.3/../../../../pic32mx/lib\libpic32.a(defaultinterrupt.o)
LOAD d:/program files (x86)/microchip/xc32/v1.42/bin/bin/../../lib/gcc/pic32mx/4.8.3\libgcc.a
START GROUP
LOAD d:/program files (x86)/microchip/xc32/v1.42/bin/bin/../../lib/gcc/pic32mx/4.8.3/../../../../pic32mx/lib\libpic32.a
LOAD d:/program files (x86)/microchip/xc32/v1.42/bin/bin/../../lib/gcc/pic32mx/4.8.3/../../../../pic32mx/lib\libdebug.a
LOAD d:/program files (x86)/microchip/xc32/v1.42/bin/bin/../../lib/gcc/pic32mx/4.8.3/../../../../pic32mx/lib\libpic32.a
LOAD d:/program files (x86)/microchip/xc32/v1.42/bin/bin/../../lib/gcc/pic32mx/4.8.3/../../../../pic32mx/lib\libm.a
LOAD d:/program files (x86)/microchip/xc32/v1.42/bin/bin/../../lib/gcc/pic32mx/4.8.3/../../../../pic32mx/lib\libe.a
LOAD d:/program files (x86)/microchip/xc32/v1.42/bin/bin/../../lib/gcc/pic32mx/4.8.3/../../../../pic32mx/lib\libdsp.a
LOAD d:/program files (x86)/microchip/xc32/v1.42/bin/bin/../../lib/gcc/pic32mx/4.8.3\libgcc.a
LOAD d:/program files (x86)/microchip/xc32/v1.42/bin/bin/../../lib/gcc/pic32mx/4.8.3/../../../../pic32mx/lib\libc.a
LOAD d:/program files (x86)/microchip/xc32/v1.42/bin/bin/../../lib/gcc/pic32mx/4.8.3/../../../../pic32mx/lib\libc.a
LOAD d:/program files (x86)/microchip/xc32/v1.42/bin/bin/../../lib/gcc/pic32mx/4.8.3/../../../../pic32mx/lib\libpic32.a
END GROUP
LOAD d:/program files (x86)/microchip/xc32/v1.42/bin/bin/../../lib/gcc/pic32mx/4.8.3\libgcc.a
OUTPUT(dist/default/production/Module7_Solution.X.production.elf elf32-tradlittlemips)
LOAD stack
LOAD data_init

.reginfo        0x00000000       0x18
 .reginfo       0x00000000       0x18 d:/program files (x86)/microchip/xc32/v1.42/bin/bin/../../lib/gcc/pic32mx/4.8.3/../../../../pic32mx/lib/./proc/32MX250F128B/crt0_mips32r2.o

.stack          0xa0000208      0x400
 .stack         0xa0000208      0x400 stack

.bss            0xa00000b8      0x134
 .bss           0xa00000b8      0x134 build/default/production/_ext/12144542/drv_i2c_static_buffer_model.o

._debug_exception
                0xbfc00480       0x2c
 ._debug_exception
                0xbfc00480       0x2c d:/program files (x86)/microchip/xc32/v1.42/bin/bin/../../lib/gcc/pic32mx/4.8.3/../../../../pic32mx/lib\debug-exception-return.o
                0xbfc00480                __DbgExecReturn

.text.DRV_I2C0_Tasks
                0x9d000000      0x7d4
 .text.DRV_I2C0_Tasks
                0x9d000000      0x7d4 build/default/production/_ext/12144542/drv_i2c_static_buffer_model.o
                0x9d000000                DRV_I2C0_Tasks

.text.APP_Write_Tasks
                0x9d0007d4      0x140
 .text.APP_Write_Tasks
                0x9d0007d4      0x140 build/default/production/_ext/1360937237/app.o
                0x9d0007d4                APP_Write_Tasks

.text._IntHandlerDrvI2CInstance0
                0x9d000914      0x130
 .text._IntHandlerDrvI2CInstance0
                0x9d000914      0x130 build/default/production/_ext/1688732426/system_interrupt.o
                0x9d000914                _IntHandlerDrvI2CInstance0

.rodata         0x9d000a44      0x128
 .rodata        0x9d000a44      0x128 build/default/production/_ext/1688732426/system_exceptions.o

.text.DRV_I2C0_Transmit
                0x9d000b6c      0x118
 .text.DRV_I2C0_Transmit
                0x9d000b6c      0x118 build/default/production/_ext/12144542/drv_i2c_static_buffer_model.o
                0x9d000b6c                DRV_I2C0_Transmit

.text.DRV_I2C0_Initialize
                0x9d000c84      0x100
 .text.DRV_I2C0_Initialize
                0x9d000c84      0x100 build/default/production/_ext/12144542/drv_i2c_static_buffer_model.o
                0x9d000c84                DRV_I2C0_Initialize

.text.general_exception
                0x9d000d84       0xdc
 .text.general_exception
                0x9d000d84       0xdc d:/program files (x86)/microchip/xc32/v1.42/bin/bin/../../lib/gcc/pic32mx/4.8.3/../../../../pic32mx/lib\libpic32.a(general-exception.o)
                0x9d000d84                _general_exception_context

.text._DRV_I2C_QueueSlotGet_0
                0x9d000e60       0xb0
 .text._DRV_I2C_QueueSlotGet_0
                0x9d000e60       0xb0 build/default/production/_ext/12144542/drv_i2c_static_buffer_model.o
                0x9d000e60                _DRV_I2C_QueueSlotGet_0

.text.APP_Tasks
                0x9d000f10       0x9c
 .text.APP_Tasks
                0x9d000f10       0x9c build/default/production/_ext/1360937237/app.o
                0x9d000f10                APP_Tasks

.text.SYS_PORTS_Initialize
                0x9d000fac       0x94
 .text.SYS_PORTS_Initialize
                0x9d000fac       0x94 build/default/production/_ext/822048611/sys_ports_static.o
                0x9d000fac                SYS_PORTS_Initialize

.text.IntHandlerDrvTmrInstance0
                0x9d001040       0x94
 .text.IntHandlerDrvTmrInstance0
                0x9d001040       0x94 build/default/production/_ext/1688732426/system_interrupt.o
                0x9d001040                IntHandlerDrvTmrInstance0

.text.DRV_TMR0_Initialize
                0x9d0010d4       0x90
 .text.DRV_TMR0_Initialize
                0x9d0010d4       0x90 build/default/production/_ext/1407244131/drv_tmr_static.o
                0x9d0010d4                DRV_TMR0_Initialize

.dinit          0x9d001164       0x80
 .dinit         0x9d001164       0x80 data_init

.text.SYS_CLK_Initialize
                0x9d0011e4       0x70
 .text.SYS_CLK_Initialize
                0x9d0011e4       0x70 build/default/production/_ext/639803181/sys_clk.o
                0x9d0011e4                SYS_CLK_Initialize

.text.SYS_Initialize
                0x9d001254       0x70
 .text.SYS_Initialize
                0x9d001254       0x70 build/default/production/_ext/1688732426/system_init.o
                0x9d001254                SYS_Initialize

.text.SYS_DEVCON_PerformanceConfig
                0x9d0012c4       0x5c
 .text.SYS_DEVCON_PerformanceConfig
                0x9d0012c4       0x5c build/default/production/_ext/340578644/sys_devcon_pic32mx.o
                0x9d0012c4                SYS_DEVCON_PerformanceConfig

.text._DRV_I2C_QueuePop_0
                0x9d001320       0x58
 .text._DRV_I2C_QueuePop_0
                0x9d001320       0x58 build/default/production/_ext/12144542/drv_i2c_static_buffer_model.o
                0x9d001320                _DRV_I2C_QueuePop_0

.text.SYS_DEVCON_SystemUnlock
                0x9d001378       0x58
 .text.SYS_DEVCON_SystemUnlock
                0x9d001378       0x58 build/default/production/_ext/340578644/sys_devcon.o
                0x9d001378                SYS_DEVCON_SystemUnlock

.text.main_entry
                0x9d0013d0       0x54
 .text.main_entry
                0x9d0013d0       0x54 d:/program files (x86)/microchip/xc32/v1.42/bin/bin/../../lib/gcc/pic32mx/4.8.3/../../../../pic32mx/lib/./proc/32MX250F128B/crt0_mips32r2.o
                0x9d001404                __crt0_exit

.text.DelayMs   0x9d001424       0x50
 .text.DelayMs  0x9d001424       0x50 build/default/production/_ext/1360937237/app.o
                0x9d001424                DelayMs

.text.SYS_DEVCON_SystemLock
                0x9d001474       0x48
 .text.SYS_DEVCON_SystemLock
                0x9d001474       0x48 build/default/production/_ext/340578644/sys_devcon.o
                0x9d001474                SYS_DEVCON_SystemLock

.text._bootstrap_exception_handler
                0x9d0014bc       0x48
 .text._bootstrap_exception_handler
                0x9d0014bc       0x48 d:/program files (x86)/microchip/xc32/v1.42/bin/bin/../../lib/gcc/pic32mx/4.8.3/../../../../pic32mx/lib\libpic32.a(default-bootstrap-exception-handler.o)
                0x9d0014bc                _bootstrap_exception_handler

.vector_default
                0x9d001504       0x48
 .vector_default
                0x9d001504       0x48 d:/program files (x86)/microchip/xc32/v1.42/bin/bin/../../lib/gcc/pic32mx/4.8.3/../../../../pic32mx/lib\libpic32.a(defaultinterrupt.o)
                0x9d001504                _DefaultInterrupt

.text           0x9d00154c       0x44
 .text          0x9d00154c       0x44 d:/program files (x86)/microchip/xc32/v1.42/bin/bin/../../lib/gcc/pic32mx/4.8.3/../../../../pic32mx/lib\pic32_software_reset.o
                0x9d00154c                __pic32_software_reset

.text.I2CMasterOpStatusCb
                0x9d001590       0x40
 .text.I2CMasterOpStatusCb
                0x9d001590       0x40 build/default/production/_ext/1360937237/app.o
                0x9d001590                I2CMasterOpStatusCb

.text._general_exception_handler
                0x9d0015d0       0x40
 .text._general_exception_handler
                0x9d0015d0       0x40 build/default/production/_ext/1688732426/system_exceptions.o
                0x9d0015d0                _general_exception_handler

.text.DRV_I2C_Transmit
                0x9d001610       0x3c
 .text.DRV_I2C_Transmit
                0x9d001610       0x3c build/default/production/_ext/12144542/drv_i2c_mapping.o
                0x9d001610                DRV_I2C_Transmit

.text._DRV_I2C_Advance_Queue_0
                0x9d00164c       0x38
 .text._DRV_I2C_Advance_Queue_0
                0x9d00164c       0x38 build/default/production/_ext/12144542/drv_i2c_static_buffer_model.o
                0x9d00164c                _DRV_I2C_Advance_Queue_0

.text.DRV_TMR0_Start
                0x9d001684       0x38
 .text.DRV_TMR0_Start
                0x9d001684       0x38 build/default/production/_ext/1407244131/drv_tmr_static.o
                0x9d001684                DRV_TMR0_Start

.text.DRV_I2C_TransferStatusGet
                0x9d0016bc       0x30
 .text.DRV_I2C_TransferStatusGet
                0x9d0016bc       0x30 build/default/production/_ext/12144542/drv_i2c_mapping.o
                0x9d0016bc                DRV_I2C_TransferStatusGet

.text.DRV_I2C_BufferEventHandlerSet
                0x9d0016ec       0x28
 .text.DRV_I2C_BufferEventHandlerSet
                0x9d0016ec       0x28 build/default/production/_ext/12144542/drv_i2c_mapping.o
                0x9d0016ec                DRV_I2C_BufferEventHandlerSet

.text.APP_Check_Transfer_Status
                0x9d001714       0x20
 .text.APP_Check_Transfer_Status
                0x9d001714       0x20 build/default/production/_ext/1360937237/app.o
                0x9d001714                APP_Check_Transfer_Status

.text.main      0x9d001734       0x20
 .text.main     0x9d001734       0x20 build/default/production/_ext/1360937237/main.o
                0x9d001734                main

.text.SYS_CLK_PeripheralFrequencyGet
                0x9d001754       0x20
 .text.SYS_CLK_PeripheralFrequencyGet
                0x9d001754       0x20 build/default/production/_ext/639803181/sys_clk.o
                0x9d001754                SYS_CLK_PeripheralFrequencyGet

.text.SYS_Tasks
                0x9d001774       0x1c
 .text.SYS_Tasks
                0x9d001774       0x1c build/default/production/_ext/1688732426/system_tasks.o
                0x9d001774                SYS_Tasks

.text.IsQueueEmpty_0
                0x9d001790       0x18
 .text.IsQueueEmpty_0
                0x9d001790       0x18 build/default/production/_ext/12144542/drv_i2c_static_buffer_model.o
                0x9d001790                IsQueueEmpty_0

.text           0x9d0017a8       0x18
 .text          0x9d0017a8       0x18 d:/program files (x86)/microchip/xc32/v1.42/bin/bin/../../lib/gcc/pic32mx/4.8.3/../../../../pic32mx/lib\libpic32.a(default-nmi-handler.o)
                0x9d0017a8                _nmi_handler

.text.SYS_INT_Initialize
                0x9d0017c0       0x14
 .text.SYS_INT_Initialize
                0x9d0017c0       0x14 build/default/production/_ext/122796885/sys_int_pic32.o
                0x9d0017c0                SYS_INT_Initialize

.text.SYS_DEVCON_Initialize
                0x9d0017d4       0x14
 .text.SYS_DEVCON_Initialize
                0x9d0017d4       0x14 build/default/production/_ext/340578644/sys_devcon.o
                0x9d0017d4                SYS_DEVCON_Initialize

.text.QueueInitialize_0
                0x9d0017e8       0x10
 .text.QueueInitialize_0
                0x9d0017e8       0x10 build/default/production/_ext/12144542/drv_i2c_static_buffer_model.o
                0x9d0017e8                QueueInitialize_0

.text.DRV_I2C_Open
                0x9d0017f8       0x10
 .text.DRV_I2C_Open
                0x9d0017f8       0x10 build/default/production/_ext/12144542/drv_i2c_mapping.o
                0x9d0017f8                DRV_I2C_Open

.text.APP_Initialize
                0x9d001808        0xc
 .text.APP_Initialize
                0x9d001808        0xc build/default/production/_ext/1360937237/app.o
                0x9d001808                APP_Initialize

.text.DRV_I2C0_BufferEventHandlerSet
                0x9d001814        0xc
 .text.DRV_I2C0_BufferEventHandlerSet
                0x9d001814        0xc build/default/production/_ext/12144542/drv_i2c_static_buffer_model.o
                0x9d001814                DRV_I2C0_BufferEventHandlerSet

.text.SYS_CLK_SystemFrequencyGet
                0x9d001820        0xc
 .text.SYS_CLK_SystemFrequencyGet
                0x9d001820        0xc build/default/production/_ext/639803181/sys_clk.o
                0x9d001820                SYS_CLK_SystemFrequencyGet

.text._SYS_CLK_PeripheralClockRead
                0x9d00182c        0xc
 .text._SYS_CLK_PeripheralClockRead
                0x9d00182c        0xc build/default/production/_ext/639803181/sys_clk_pic32mx.o
                0x9d00182c                _SYS_CLK_PeripheralClockRead

.text.DRV_I2C0_TransferStatusGet
                0x9d001838        0x8
 .text.DRV_I2C0_TransferStatusGet
                0x9d001838        0x8 build/default/production/_ext/12144542/drv_i2c_static_buffer_model.o
                0x9d001838                DRV_I2C0_TransferStatusGet

.text._on_reset
                0x9d001840        0x8
 .text._on_reset
                0x9d001840        0x8 d:/program files (x86)/microchip/xc32/v1.42/bin/bin/../../lib/gcc/pic32mx/4.8.3/../../../../pic32mx/lib\libpic32.a(default-on-reset.o)
                0x9d001840                _on_reset

.text._on_bootstrap
                0x9d001848        0x8
 .text._on_bootstrap
                0x9d001848        0x8 d:/program files (x86)/microchip/xc32/v1.42/bin/bin/../../lib/gcc/pic32mx/4.8.3/../../../../pic32mx/lib\libpic32.a(default-on-bootstrap.o)
                0x9d001848                _on_bootstrap
